[Basic]
Name=Fixture Map
NewINIFormat=5

[Map]
Size=0,0,16,16
Theater=TEMPERAT
LocalSize=0,0,16,16

[IsoMapPack5]
1=AAsACwAAAAAAAAAAAAAAAAABAAAAAAAAAQAAAAIAAAAAAAACAAAAAwAAAAAAAAAAAAAEAA
2=AAAAAAAQAAAAUAAAAAAAACAAAABgAAAAAAAAAAAAAHAAAAAAAAAQAAAAgAAAAAAAACAAAA
3=CQAAAAAAAAAAAAAKAAAAAAAAAQAAAAsAAAAAAAACAAAADAAAAAAAAAAAAAANAAAAAAAAAQ
4=AAAA4AAAAAAAACAAAADwAAAAAAAAAAAQAAAAAAAAAAAQABAAEAAAAAAAACAAEAAgAAAAAA
5=AAAAAQADAAAAAAAAAQABAAQAAAAAAAACAAEABQAAAAAAAAAAAQAGAAAAAAAAAQABAAcAAA
6=AAAAACAAEACAAAAAAAAAAAAQAJAAAAAAAAAQABAAoAAAAAAAACAAEACwAAAAAAAAAAAQAM
7=AAAAAAAAAQABAA0AAAAAAAACAAEADgAAAAAAAAAAAQAPAAAAAAAAAQACAAAAAAAAAAACAA
8=IAAQAAAAAAAAAAAgACAAAAAAAAAQACAAMAAAAAAAACAAIABAAAAAAAAAAAAgAFAAAAAAAA
9=AQACAAYAAAAAAAACAAIABwAAAAAAAAAAAgAIAAAAAAAAAQACAAkAAAAAAAACAAIACgAAAA
10=AAAAAAAgALAAAAAAAAAQACAAwAAAAAAAACAAIADQAAAAAAAAAAAgAOAAAAAAAAAQACAA8A
11=AAAAAAACAAMAAAAAAAAAAAAAAwABAAAAAAAAAQADAAIAAAAAAAACAAMAAwAAAAAAAAAAAw
12=AEAAAAAAAAAQADAAUAAAAAAAACAAMABgAAAAAAAAAAAwAHAAAAAAAAAQADAAgAAAAAAAAC
13=AAMACQAAAAAAAAAAAwAKAAAAAAAAAQADAAsAAAAAAAACAAMADAAAAAAAAAAAAwANAAAAAA
14=AAAQADAA4AAAAAAAACAAMADwAAAAAAAAAABAAAAAAAAAAAAQAEAAEAAAAAAAACAAQAAgAA
15=AAAAAAAABAADAAAAAAAAAQAEAAQAAAAAAAACAAQABQAAAAAAAAAABAAGAAAAAAAAAQAEAA
16=cAAAAAAAACAAQACAAAAAAAAAAABAAJAAAAAAAAAQAEAAoAAAAAAAACAAQACwAAAAAAAAAA
17=BAAMAAAAAAAAAQAEAA0AAAAAAAACAAQADgAAAAAAAAAABAAPAAAAAAAAAQAFAAAAAAAAAA
18=ACAAUAAQAAAAAAAAAABQACAAAAAAAAAQAFAAMAAAAAAAACAAUABAAAAAAAAAAABQAFAAAA
19=AAAAAQAFAAYAAAAAAAACAAUABwAAAAAAAAAABQAIAAAAAAAAAQAFAAkAAAAAAAACAAUACg
20=AAAAAAAAAABQALAAAAAAAAAQAFAAwAAAAAAAACAAUADQAAAAAAAAAABQAOAAAAAAAAAQAF
21=AA8AAAAAAAACAAYAAAAAAAAAAAAABgABAAAAAAAAAQAGAAIAAAAAAAACAAYAAwAAAAAAAA
22=AABgAEAAAAAAAAAQAGAAUAAAAAAAACAAYABgAAAAAAAAAABgAHAAAAAAAAAQAGAAgAAAAA
23=AAACAAYACQAAAAAAAAAABgAKAAAAAAAAAQAGAAsAAAAAAAACAAYADAAAAAAAAAAABgANAA
24=AAAAAAAQAGAA4AAAAAAAACAAYADwAAAAAAAAAABwAAAAAAAAAAAQAHAAEAAAAAAAACAAcA
25=AgAAAAAAAAAABwADAAAAAAAAAQAHAAQAAAAAAAACAAcABQAAAAAAAAAABwAGAAAAAAAAAQ
26=AHAAcAAAAAAAACAAcACAAAAAAAAAAABwAJAAAAAAAAAQAHAAoAAAAAAAACAAcACwAAAAAA
27=AAAABwAMAAAAAAAAAQAHAA0AAAAAAAACAAcADgAAAAAAAAAABwAPAAAAAAAAAQAIAAAAAA
28=AAAAACAAgAAQAAAAAAAAAACAACAAAAAAAAAQAIAAMAAAAAAAACAAgABAAAAAAAAAAACAAF
29=AAAAAAAAAQAIAAYAAAAAAAACAAgABwAAAAAAAAAACAAIAAAAAAAAAQAIAAkAAAAAAAACAA
30=gACgAAAAAAAAAACAALAAAAAAAAAQAIAAwAAAAAAAACAAgADQAAAAAAAAAACAAOAAAAAAAA
31=AQAIAA8AAAAAAAACAAkAAAAAAAAAAAAACQABAAAAAAAAAQAJAAIAAAAAAAACAAkAAwAAAA
32=AAAAAACQAEAAAAAAAAAQAJAAUAAAAAAAACAAkABgAAAAAAAAAACQAHAAAAAAAAAQAJAAgA
33=AAAAAAACAAkACQAAAAAAAAAACQAKAAAAAAAAAQAJAAsAAAAAAAACAAkADAAAAAAAAAAACQ
34=ANAAAAAAAAAQAJAA4AAAAAAAACAAkADwAAAAAAAAAACgAAAAAAAAAAAQAKAAEAAAAAAAAC
35=AAoAAgAAAAAAAAAACgADAAAAAAAAAQAKAAQAAAAAAAACAAoABQAAAAAAAAAACgAGAAAAAA
36=AAAQAKAAcAAAAAAAACAAoACAAAAAAAAAAACgAJAAAAAAAAAQAKAAoAAAAAAAACAAoACwAA
37=AAAAAAAACgAMAAAAAAAAAQAKAA0AAAAAAAACAAoADgAAAAAAAAAACgAPAAAAAAAAAQALAA
38=AAAAAAAAACAAsAAQAAAAAAAAAACwACAAAAAAAAAQALAAMAAAAAAAACAAsABAAAAAAAAAAA
39=CwAFAAAAAAAAAQALAAYAAAAAAAACAAsABwAAAAAAAAAACwAIAAAAAAAAAQALAAkAAAAAAA
40=ACAAsACgAAAAAAAAAACwALAAAAAAAAAQALAAwAAAAAAAACAAsADQAAAAAAAAAACwAOAAAA
41=AAAAAQALAA8AAAAAAAACAAwAAAAAAAAAAAAADAABAAAAAAAAAQAMAAIAAAAAAAACAAwAAw
42=AAAAAAAAAADAAEAAAAAAAAAQAMAAUAAAAAAAACAAwABgAAAAAAAAAADAAHAAAAAAAAAQAM
43=AAgAAAAAAAACAAwACQAAAAAAAAAADAAKAAAAAAAAAQAMAAsAAAAAAAACAAwADAAAAAAAAA
44=AADAANAAAAAAAAAQAMAA4AAAAAAAACAAwADwAAAAAAAAAADQAAAAAAAAAAAQANAAEAAAAA
45=AAACAA0AAgAAAAAAAAAADQADAAAAAAAAAQANAAQAAAAAAAACAA0ABQAAAAAAAAAADQAGAA
46=AAAAAAAQANAAcAAAAAAAACAA0ACAAAAAAAAAAADQAJAAAAAAAAAQANAAoAAAAAAAACAA0A
47=CwAAAAAAAAAADQAMAAAAAAAAAQANAA0AAAAAAAACAA0ADgAAAAAAAAAADQAPAAAAAAAAAQ
48=AOAAAAAAAAAAACAA4AAQAAAAAAAAAADgACAAAAAAAAAQAOAAMAAAAAAAACAA4ABAAAAAAA
49=AAAADgAFAAAAAAAAAQAOAAYAAAAAAAACAA4ABwAAAAAAAAAADgAIAAAAAAAAAQAOAAkAAA
50=AAAAACAA4ACgAAAAAAAAAADgALAAAAAAAAAQAOAAwAAAAAAAACAA4ADQAAAAAAAAAADgAO
51=AAAAAAAAAQAOAA8AAAAAAAACAA8AAAAAAAAAAAAADwABAAAAAAAAAQAPAAIAAAAAAAACAA
52=8AAwAAAAAAAAAADwAEAAAAAAAAAQAPAAUAAAAAAAACAA8ABgAAAAAAAAAADwAHAAAAAAAA
53=AQAPAAgAAAAAAAACAA8ACQAAAAAAAAAADwAKAAAAAAAAAQAPAAsAAAAAAAACAA8ADAAAAA
54=AAAAAADwANAAAAAAAAAQAPAA4AAAAAAAACAA8ADwAAAAAAAAAAAAAAAA==

[Structures]
0=Americans,GAPOWR,256,5,5,0

[Units]
0=Americans,MTNK,256,6,6,64

[Infantry]
0=Americans,E1,256,7,7,0,Guard,128

[Terrain]
6008=TREE01

[Waypoints]
0=1020
1=3050

[Digest]
1=AAAAAAAAAAAAAAAAAAAAAAAAAAAA
